[02:28:07] OMNI-SYNC: --- OMNI-GUARDIAN CYCLE START (V115.0) ---
[02:28:07] OMNI-SYNC: INITIATING CROSS-FILE OMNI AUDIT...
[02:28:07] OMNI-SYNC: SYNCHRONIZING INSTITUTIONAL CORE (i18n + DOCS)...
[02:28:07] OMNI-SYNC: PROJECT IS IN A STATE OF PERFECT SYNC. NO PUSH REQUIRED.
[02:28:07] OMNI-SYNC: --- OMNI-GUARDIAN CYCLE COMPLETE ---
[02:28:09] OMNI-SYNC: --- OMNI-GUARDIAN CYCLE START (V115.0) ---
[02:28:09] OMNI-SYNC: INITIATING CROSS-FILE OMNI AUDIT...
[02:28:09] OMNI-SYNC: SYNCHRONIZING INSTITUTIONAL CORE (i18n + DOCS)...
[02:28:09] OMNI-SYNC: PROJECT IS IN A STATE OF PERFECT SYNC. NO PUSH REQUIRED.
[02:28:09] OMNI-SYNC: --- OMNI-GUARDIAN CYCLE COMPLETE ---
[02:28:28] OMNI-SYNC: --- OMNI-GUARDIAN CYCLE START (V115.0) ---
[02:28:28] OMNI-SYNC: INITIATING CROSS-FILE OMNI AUDIT...
[02:28:28] OMNI-SYNC: SYNCHRONIZING INSTITUTIONAL CORE (i18n + DOCS)...
[02:28:28] OMNI-SYNC: PROJECT IS IN A STATE OF PERFECT SYNC. NO PUSH REQUIRED.
[02:28:28] OMNI-SYNC: --- OMNI-GUARDIAN CYCLE COMPLETE ---
[02:28:30] OMNI-SYNC: --- OMNI-GUARDIAN CYCLE START (V115.0) ---
[02:28:30] OMNI-SYNC: INITIATING CROSS-FILE OMNI AUDIT...
[02:28:30] OMNI-SYNC: SYNCHRONIZING INSTITUTIONAL CORE (i18n + DOCS)...
[02:28:30] OMNI-SYNC: PROJECT IS IN A STATE OF PERFECT SYNC. NO PUSH REQUIRED.
[02:28:30] OMNI-SYNC: --- OMNI-GUARDIAN CYCLE COMPLETE ---
[02:28:53] OMNI-SYNC: --- OMNI-GUARDIAN CYCLE START (V115.0) ---
[02:28:53] OMNI-SYNC: INITIATING CROSS-FILE OMNI AUDIT...
[02:28:53] OMNI-SYNC: SYNCHRONIZING INSTITUTIONAL CORE (i18n + DOCS)...
[02:28:53] OMNI-SYNC: PROJECT IS IN A STATE OF PERFECT SYNC. NO PUSH REQUIRED.
[02:28:53] OMNI-SYNC: --- OMNI-GUARDIAN CYCLE COMPLETE ---
[02:28:55] OMNI-SYNC: --- OMNI-GUARDIAN CYCLE START (V115.0) ---
[02:28:55] OMNI-SYNC: INITIATING CROSS-FILE OMNI AUDIT...
[02:28:55] OMNI-SYNC: SYNCHRONIZING INSTITUTIONAL CORE (i18n + DOCS)...
[02:28:55] OMNI-SYNC: PROJECT IS IN A STATE OF PERFECT SYNC. NO PUSH REQUIRED.
[02:28:55] OMNI-SYNC: --- OMNI-GUARDIAN CYCLE COMPLETE ---
[02:28:56] OMNI-SYNC: --- OMNI-GUARDIAN CYCLE START (V115.0) ---
[02:28:56] OMNI-SYNC: INITIATING CROSS-FILE OMNI AUDIT...
[02:28:56] OMNI-SYNC: SYNCHRONIZING INSTITUTIONAL CORE (i18n + DOCS)...
[02:28:56] OMNI-SYNC: PROJECT IS IN A STATE OF PERFECT SYNC. NO PUSH REQUIRED.
[02:28:56] OMNI-SYNC: --- OMNI-GUARDIAN CYCLE COMPLETE ---
[02:28:56] OMNI-SYNC: --- OMNI-GUARDIAN CYCLE START (V115.0) ---
[02:28:56] OMNI-SYNC: INITIATING CROSS-FILE OMNI AUDIT...
[02:28:56] OMNI-SYNC: SYNCHRONIZING INSTITUTIONAL CORE (i18n + DOCS)...
[02:28:56] OMNI-SYNC: PROJECT IS IN A STATE OF PERFECT SYNC. NO PUSH REQUIRED.
[02:28:56] OMNI-SYNC: --- OMNI-GUARDIAN CYCLE COMPLETE ---
[02:28:57] OMNI-SYNC: --- OMNI-GUARDIAN CYCLE START (V115.0) ---
[02:28:57] OMNI-SYNC: INITIATING CROSS-FILE OMNI AUDIT...
[02:28:57] OMNI-SYNC: SYNCHRONIZING INSTITUTIONAL CORE (i18n + DOCS)...
[02:28:57] OMNI-SYNC: PROJECT IS IN A STATE OF PERFECT SYNC. NO PUSH REQUIRED.
[02:28:57] OMNI-SYNC: --- OMNI-GUARDIAN CYCLE COMPLETE ---
[02:28:57] OMNI-SYNC: --- OMNI-GUARDIAN CYCLE START (V115.0) ---
[02:28:57] OMNI-SYNC: INITIATING CROSS-FILE OMNI AUDIT...
[02:28:57] OMNI-SYNC: SYNCHRONIZING INSTITUTIONAL CORE (i18n + DOCS)...
[02:28:57] OMNI-SYNC: PROJECT IS IN A STATE OF PERFECT SYNC. NO PUSH REQUIRED.
[02:28:57] OMNI-SYNC: --- OMNI-GUARDIAN CYCLE COMPLETE ---
[02:28:57] OMNI-SYNC: --- OMNI-GUARDIAN CYCLE START (V115.0) ---
[02:28:57] OMNI-SYNC: INITIATING CROSS-FILE OMNI AUDIT...
[02:28:57] OMNI-SYNC: SYNCHRONIZING INSTITUTIONAL CORE (i18n + DOCS)...
[02:28:57] OMNI-SYNC: PROJECT IS IN A STATE OF PERFECT SYNC. NO PUSH REQUIRED.
[02:28:57] OMNI-SYNC: --- OMNI-GUARDIAN CYCLE COMPLETE ---
